// Jest Snapshot v1, https://goo.gl/fbAQLP

exports[`list enter should continue in document 1`] = `"<ul><li><span><span><span>Item 1</span></span></span></li><li><span><span><span>Item 2</span></span></span></li><ul><li><span><span><span>Item 2.1</span></span></span></li><li><span><span><span>Item 2.2</span></span></span></li><ul><li><span><span><span>Item 2.2.1</span></span></span></li><li><span><span><span>Item 2.2.2</span></span></span></li><li><span><span><span>Item 2.2.3</span></span></span></li></ul></ul></ul><section><span><span><span>This should be part of document.</span></span></span></section><section><span><span><span>﻿<br></span></span></span></section>"`;

exports[`list list works 1`] = `"<ul><li><span><span><span>Item 1</span></span></span></li><li><span><span><span>Item 2</span></span></span></li><ul><li><span><span><span>Item 2.1</span></span></span></li><li><span><span><span>Item 2.2</span></span></span></li><ul><li><span><span><span>Item 2.2.1</span></span></span></li><li><span><span><span>Item 2.2.2</span></span></span></li><li><span><span><span>Item 2.2.3</span></span></span></li></ul></ul></ul><section><span><span><span>﻿<br></span></span></span></section>"`;

exports[`list shift tab 1`] = `"<ul><li><span><span><span>Item 1</span></span></span></li><li><span><span><span>Item 2</span></span></span></li><ul><li><span><span><span>Item 2.1</span></span></span></li><li><span><span><span>Item 2.2</span></span></span></li><ul><li><span><span><span>Item 2.2.1</span></span></span></li><li><span><span><span>Item 2.2.2</span></span></span></li></ul><li><span><span><span>Item 2.2.3</span></span></span></li></ul></ul><section><span><span><span>﻿<br></span></span></span></section>"`;
