// Jest Snapshot v1, https://goo.gl/fbAQLP

exports[`list enter should continue in document 1`] = `"<html><head></head><body><ul><li><span><span><span>Item 1</span></span></span></li><li><span><span><span>Item 2</span></span></span></li><ul><li><span><span><span>Item 2.1</span></span></span></li><li><span><span><span>Item 2.2</span></span></span></li><ul><li><span><span><span>Item 2.2.1</span></span></span></li><li><span><span><span>Item 2.2.2</span></span></span></li><li><span><span><span>Item 2.2.3</span></span></span></li></ul></ul></ul><div style=\\"position: relative;\\"><span><span><span>This should be part of document.</span></span></span></div><div style=\\"position: relative;\\"><span><span><span>&#xFEFF;<br></span></span></span></div></body></html>"`;

exports[`list list works 1`] = `"<html><head></head><body><ul><li><span><span><span>Item 1</span></span></span></li><li><span><span><span>Item 2</span></span></span></li><ul><li><span><span><span>Item 2.1</span></span></span></li><li><span><span><span>Item 2.2</span></span></span></li><ul><li><span><span><span>Item 2.2.1</span></span></span></li><li><span><span><span>Item 2.2.2</span></span></span></li><li><span><span><span>Item 2.2.3</span></span></span></li></ul></ul></ul><div style=\\"position: relative;\\"><span><span><span>&#xFEFF;<br></span></span></span></div></body></html>"`;

exports[`list shift tab 1`] = `"<html><head></head><body><ul><li><span><span><span>Item 1</span></span></span></li><li><span><span><span>Item 2</span></span></span></li><ul><li><span><span><span>Item 2.1</span></span></span></li><li><span><span><span>Item 2.2</span></span></span></li><ul><li><span><span><span>Item 2.2.1</span></span></span></li><li><span><span><span>Item 2.2.2</span></span></span></li></ul><li><span><span><span>Item 2.2.3</span></span></span></li></ul></ul><div style=\\"position: relative;\\"><span><span><span>&#xFEFF;<br></span></span></span></div></body></html>"`;
