// Jest Snapshot v1, https://goo.gl/fbAQLP

exports[`features markdown image 1`] = `"<section><span><span><span>﻿</span></span></span><span contenteditable=\\"false\\"><span style=\\"height: 0px; color: transparent; outline: none; position: absolute;\\"><span><span><span>﻿</span></span></span></span><span contenteditable=\\"false\\"><div type=\\"center\\"><img width=\\"100%\\" src=\\"image.jpg\\"></div></span></span><span><span><span>﻿<br></span></span></span></section><section><span><span><span>﻿<br></span></span></span></section>"`;

exports[`features markdown separator 1`] = `"<section><span><span><span>﻿<br></span></span></span></section><span style=\\"border-bottom: 2px solid rgb(0, 0, 0); display: block; opacity: 0.2;\\"><span><span><span>﻿<br></span></span></span></span><section><span><span><span>﻿<br></span></span></span></section><section><span><span><span>﻿<br></span></span></span></section>"`;
