// Jest Snapshot v1, https://goo.gl/fbAQLP

exports[`features markdown image 1`] = `"<html><head></head><body><div style=\\"position: relative;\\"><span><span><span>&#xFEFF;</span></span></span><span contenteditable=\\"false\\"><span style=\\"height: 0px; color: transparent; outline: none; position: absolute;\\"><span><span><span>&#xFEFF;</span></span></span></span><span contenteditable=\\"false\\"><div><img src=\\"http://localhost/embed/link\\"></div></span></span><span><span><span>&#xFEFF;<br></span></span></span></div><div style=\\"position: relative;\\"><span><span><span>&#xFEFF;<br></span></span></span></div></body></html>"`;

exports[`features markdown separator 1`] = `"<html><head></head><body><div style=\\"position: relative;\\"><span><span><span>&#xFEFF;<br></span></span></span></div><span style=\\"border-bottom: 2px solid rgb(0, 0, 0); display: block; opacity: 0.2;\\"><span><span><span>&#xFEFF;<br></span></span></span></span><div style=\\"position: relative;\\"><span><span><span>&#xFEFF;<br></span></span></span></div><div style=\\"position: relative;\\"><span><span><span>&#xFEFF;<br></span></span></span></div></body></html>"`;

exports[`features markdown youtube 1`] = `"<html><head></head><body><iframe type=\\"text/html\\" width=\\"640\\" height=\\"360\\" frameborder=\\"0\\" src=\\"http://localhost/embed/link\\"><span data-key=\\"259\\"><span data-slate-leaf=\\"true\\" data-offset-key=\\"259:0\\"><span data-slate-zero-width=\\"n\\" data-slate-length=\\"0\\">﻿<br></span></span></span></iframe><div style=\\"position: relative;\\"><span><span><span>&#xFEFF;<br></span></span></span></div></body></html>"`;

exports[`features markdown youtube 2`] = `"<html><head></head><body><iframe type=\\"text/html\\" width=\\"640\\" height=\\"360\\" frameborder=\\"0\\" src=\\"http://localhost/embed/link\\"><span data-key=\\"283\\"><span data-slate-leaf=\\"true\\" data-offset-key=\\"283:0\\"><span data-slate-zero-width=\\"n\\" data-slate-length=\\"0\\">﻿<br></span></span></span></iframe><div style=\\"position: relative;\\"><span><span><span>&#xFEFF;<br></span></span></span></div></body></html>"`;
